// Jest Snapshot v1, https://goo.gl/fbAQLP

exports[`Calculator component Calculator snapshot test 1`] = `
<DocumentFragment>
  <div
    class="grid"
  >
    <div
      class="display"
      style="grid-area: display;"
    >
      0
    </div>
    <button
      class="util"
      style="grid-area: util-0;"
      type="button"
    >
      AC
    </button>
    <button
      class="util"
      style="grid-area: util-1;"
      type="button"
    >
      +/-
    </button>
    <button
      class="util"
      style="grid-area: util-2;"
      type="button"
    >
      %
    </button>
    <button
      class="digit"
      style="grid-area: digit-0;"
      type="button"
    >
      7
    </button>
    <button
      class="digit"
      style="grid-area: digit-1;"
      type="button"
    >
      8
    </button>
    <button
      class="digit"
      style="grid-area: digit-2;"
      type="button"
    >
      9
    </button>
    <button
      class="digit"
      style="grid-area: digit-3;"
      type="button"
    >
      4
    </button>
    <button
      class="digit"
      style="grid-area: digit-4;"
      type="button"
    >
      5
    </button>
    <button
      class="digit"
      style="grid-area: digit-5;"
      type="button"
    >
      6
    </button>
    <button
      class="digit"
      style="grid-area: digit-6;"
      type="button"
    >
      1
    </button>
    <button
      class="digit"
      style="grid-area: digit-7;"
      type="button"
    >
      2
    </button>
    <button
      class="digit"
      style="grid-area: digit-8;"
      type="button"
    >
      3
    </button>
    <button
      class="digit"
      style="grid-area: digit-9;"
      type="button"
    >
      0
    </button>
    <button
      class="digit"
      style="grid-area: digit-10;"
      type="button"
    >
      .
    </button>
    <button
      class="operator"
      style="grid-area: operator-0;"
      type="button"
    >
      รท
    </button>
    <button
      class="operator"
      style="grid-area: operator-1;"
      type="button"
    >
      x
    </button>
    <button
      class="operator"
      style="grid-area: operator-2;"
      type="button"
    >
      -
    </button>
    <button
      class="operator"
      style="grid-area: operator-3;"
      type="button"
    >
      +
    </button>
    <button
      class="operator"
      style="grid-area: operator-4;"
      type="button"
    >
      =
    </button>
  </div>
</DocumentFragment>
`;
